// Jest Snapshot v1, https://goo.gl/fbAQLP

exports[`CardDetailContainer test suite CardDetailContainer snapshots should match for CardDetailContainer component 1`] = `
ShallowWrapper {
  Symbol(enzyme.__root__): [Circular],
  Symbol(enzyme.__unrendered__): <CardDetailContainer
    classes={Object {}}
    deleteCard={[Function]}
    match={
        Object {
            "params": Object {
              "cardId": 1,
            },
          }
    }
/>,
  Symbol(enzyme.__renderer__): Object {
    "batchedUpdates": [Function],
    "checkPropTypes": [Function],
    "getNode": [Function],
    "render": [Function],
    "simulateError": [Function],
    "simulateEvent": [Function],
    "unmount": [Function],
  },
  Symbol(enzyme.__node__): Object {
    "instance": null,
    "key": undefined,
    "nodeType": "host",
    "props": Object {
      "children": <WithStyles(CardDetail)
        addCard={[Function]}
        card={undefined}
        deleteCard={[Function]}
        editCard={undefined}
/>,
      "className": undefined,
    },
    "ref": null,
    "rendered": Object {
      "instance": null,
      "key": undefined,
      "nodeType": "class",
      "props": Object {
        "addCard": [Function],
        "card": undefined,
        "deleteCard": [Function],
        "editCard": undefined,
      },
      "ref": null,
      "rendered": null,
      "type": [Function],
    },
    "type": "div",
  },
  Symbol(enzyme.__nodes__): Array [
    Object {
      "instance": null,
      "key": undefined,
      "nodeType": "host",
      "props": Object {
        "children": <WithStyles(CardDetail)
          addCard={[Function]}
          card={undefined}
          deleteCard={[Function]}
          editCard={undefined}
/>,
        "className": undefined,
      },
      "ref": null,
      "rendered": Object {
        "instance": null,
        "key": undefined,
        "nodeType": "class",
        "props": Object {
          "addCard": [Function],
          "card": undefined,
          "deleteCard": [Function],
          "editCard": undefined,
        },
        "ref": null,
        "rendered": null,
        "type": [Function],
      },
      "type": "div",
    },
  ],
  Symbol(enzyme.__options__): Object {
    "adapter": ReactSixteenAdapter {
      "options": Object {
        "enableComponentDidUpdateOnSetState": true,
        "legacyContextMode": "parent",
        "lifecycles": Object {
          "componentDidUpdate": Object {
            "onSetState": true,
          },
          "getChildContext": Object {
            "calledByRenderer": false,
          },
          "getDerivedStateFromProps": true,
          "getSnapshotBeforeUpdate": true,
          "setState": Object {
            "skipsComponentDidUpdateOnNullish": true,
          },
        },
      },
    },
  },
}
`;
